// Jest Snapshot v1, https://goo.gl/fbAQLP

exports[`Utils getPermutation returns permutation by index 1`] = `
Array [
  Array [
    0,
    1,
    2,
    3,
  ],
  Array [
    0,
    1,
    3,
    2,
  ],
  Array [
    0,
    2,
    1,
    3,
  ],
  Array [
    0,
    2,
    3,
    1,
  ],
  Array [
    0,
    3,
    2,
    1,
  ],
  Array [
    0,
    3,
    1,
    2,
  ],
  Array [
    1,
    0,
    2,
    3,
  ],
  Array [
    1,
    0,
    3,
    2,
  ],
  Array [
    1,
    2,
    0,
    3,
  ],
  Array [
    1,
    2,
    3,
    0,
  ],
  Array [
    1,
    3,
    2,
    0,
  ],
  Array [
    1,
    3,
    0,
    2,
  ],
  Array [
    2,
    1,
    0,
    3,
  ],
  Array [
    2,
    1,
    3,
    0,
  ],
  Array [
    2,
    0,
    1,
    3,
  ],
  Array [
    2,
    0,
    3,
    1,
  ],
  Array [
    2,
    3,
    0,
    1,
  ],
  Array [
    2,
    3,
    1,
    0,
  ],
  Array [
    3,
    1,
    2,
    0,
  ],
  Array [
    3,
    1,
    0,
    2,
  ],
  Array [
    3,
    2,
    1,
    0,
  ],
  Array [
    3,
    2,
    0,
    1,
  ],
  Array [
    3,
    0,
    2,
    1,
  ],
  Array [
    3,
    0,
    1,
    2,
  ],
]
`;
